// Jest Snapshot v1, https://goo.gl/fbAQLP

exports[`Rocket Element Tests renders porperly 1`] = `null`;
